[OK] GEE initialised with high-volume endpoint (project=ee-gsingh)
  Points in asset: 93,081  ->  n_shards=125 (target 750/shard)
  AlphaEarth year: 2024 (64 bands A00..A63)
    shard 29 retry 1/3 (tileScale 2->4) after 2s: Too Many Requests: Request was rejected because the request rate or concurrency limit was exceeded.
    shard 34 retry 1/3 (tileScale 2->4) after 2s: Too Many Requests: Request was rejected because the request rate or concurrency limit was exceeded.
    shard 21 retry 1/3 (tileScale 2->4) after 2s: Too Many Requests: Request was rejected because the request rate or concurrency limit was exceeded.
    shard 10 retry 1/3 (tileScale 2->4) after 2s: Too Many Requests: Request was rejected because the request rate or concurrency limit was exceeded.
    shard 28 retry 1/3 (tileScale 2->4) after 2s: Too Many Requests: Request was rejected because the request rate or concurrency limit was exceeded.
    shard 25 retry 1/3 (tileScale 2->4) after 2s: Too Many Requests: Request was rejected because the request rate or concurrency limit was exceeded.
    shard 5 retry 1/3 (tileScale 2->4) after 2s: Too Many Requests: Request was rejected because the request rate or concurrency limit was exceeded.
    shard 27 retry 1/3 (tileScale 2->4) after 2s: Too Many Requests: Request was rejected because the request rate or concurrency limit was exceeded.
    shard 20 retry 1/3 (tileScale 2->4) after 2s: Too Many Requests: Request was rejected because the request rate or concurrency limit was exceeded.
    shard 23 retry 1/3 (tileScale 2->4) after 2s: Too Many Requests: Request was rejected because the request rate or concurrency limit was exceeded.
    shard 9 retry 1/3 (tileScale 2->4) after 2s: Too Many Requests: Request was rejected because the request rate or concurrency limit was exceeded.
    shard 19 retry 1/3 (tileScale 2->4) after 2s: Too Many Requests: Request was rejected because the request rate or concurrency limit was exceeded.
    shard 12 retry 1/3 (tileScale 2->4) after 2s: Too Many Requests: Request was rejected because the request rate or concurrency limit was exceeded.
    shard 6 retry 1/3 (tileScale 2->4) after 2s: Too Many Requests: Request was rejected because the request rate or concurrency limit was exceeded.
    shard 18 retry 1/3 (tileScale 2->4) after 2s: Too Many Requests: Request was rejected because the request rate or concurrency limit was exceeded.
    shard 36 retry 1/3 (tileScale 2->4) after 2s: Too Many Requests: Request was rejected because the request rate or concurrency limit was exceeded.
    shard 32 retry 1/3 (tileScale 2->4) after 2s: Too Many Requests: Request was rejected because the request rate or concurrency limit was exceeded.
    shard 4 retry 1/3 (tileScale 2->4) after 2s: Too Many Requests: Request was rejected because the request rate or concurrency limit was exceeded.
    shard 26 retry 1/3 (tileScale 2->4) after 2s: Too Many Requests: Request was rejected because the request rate or concurrency limit was exceeded.
    shard 7 retry 1/3 (tileScale 2->4) after 2s: Too Many Requests: Request was rejected because the request rate or concurrency limit was exceeded.
    shard 17 retry 1/3 (tileScale 2->4) after 2s: Too Many Requests: Request was rejected because the request rate or concurrency limit was exceeded.
    shard 22 retry 1/3 (tileScale 2->4) after 2s: Too Many Requests: Request was rejected because the request rate or concurrency limit was exceeded.
    shard 21 retry 2/3 (tileScale 4->8) after 4s: Too Many Requests: Request was rejected because the request rate or concurrency limit was exceeded.
    shard 3 retry 1/3 (tileScale 2->4) after 2s: Too Many Requests: Request was rejected because the request rate or concurrency limit was exceeded.
    shard 13 retry 1/3 (tileScale 2->4) after 2s: Too Many Requests: Request was rejected because the request rate or concurrency limit was exceeded.
    shard 33 retry 1/3 (tileScale 2->4) after 2s: Too Many Requests: Request was rejected because the request rate or concurrency limit was exceeded.
    shard 31 retry 1/3 (tileScale 2->4) after 2s: Too Many Requests: Request was rejected because the request rate or concurrency limit was exceeded.
    shard 8 retry 1/3 (tileScale 2->4) after 2s: Too Many Requests: Request was rejected because the request rate or concurrency limit was exceeded.
    shard 35 retry 1/3 (tileScale 2->4) after 2s: Too Many Requests: Request was rejected because the request rate or concurrency limit was exceeded.
    shard 1 retry 1/3 (tileScale 2->4) after 2s: Too Many Requests: Request was rejected because the request rate or concurrency limit was exceeded.
    shard 39 retry 1/3 (tileScale 2->4) after 2s: Too Many Requests: Request was rejected because the request rate or concurrency limit was exceeded.
    shard 37 retry 1/3 (tileScale 2->4) after 2s: Too Many Requests: Request was rejected because the request rate or concurrency limit was exceeded.
    shard 28 retry 2/3 (tileScale 4->8) after 4s: Too Many Requests: Request was rejected because the request rate or concurrency limit was exceeded.
    shard 2 retry 1/3 (tileScale 2->4) after 2s: Too Many Requests: Request was rejected because the request rate or concurrency limit was exceeded.
    shard 14 retry 1/3 (tileScale 2->4) after 2s: Too Many Requests: Request was rejected because the request rate or concurrency limit was exceeded.
    shard 19 retry 2/3 (tileScale 4->8) after 4s: Too Many Requests: Request was rejected because the request rate or concurrency limit was exceeded.
    shard 16 retry 1/3 (tileScale 2->4) after 2s: Too Many Requests: Request was rejected because the request rate or concurrency limit was exceeded.
    shard 24 retry 1/3 (tileScale 2->4) after 2s: Too Many Requests: Request was rejected because the request rate or concurrency limit was exceeded.
    shard 30 retry 1/3 (tileScale 2->4) after 2s: Too Many Requests: Request was rejected because the request rate or concurrency limit was exceeded.
    shard 11 retry 1/3 (tileScale 2->4) after 2s: Too Many Requests: Request was rejected because the request rate or concurrency limit was exceeded.
    shard 23 retry 2/3 (tileScale 4->8) after 4s: Too Many Requests: Request was rejected because the request rate or concurrency limit was exceeded.
    shard 36 retry 2/3 (tileScale 4->8) after 4s: Too Many Requests: Request was rejected because the request rate or concurrency limit was exceeded.
    shard 17 retry 2/3 (tileScale 4->8) after 4s: Too Many Requests: Request was rejected because the request rate or concurrency limit was exceeded.
    shard 38 retry 1/3 (tileScale 2->4) after 2s: Too Many Requests: Request was rejected because the request rate or concurrency limit was exceeded.
    shard 33 retry 2/3 (tileScale 4->8) after 4s: Too Many Requests: Request was rejected because the request rate or concurrency limit was exceeded.
    shard 15: 798 rows
    shard 25 retry 2/3 (tileScale 4->8) after 4s: Too Many Requests: Request was rejected because the request rate or concurrency limit was exceeded.
    shard 29 retry 2/3 (tileScale 4->8) after 4s: Too Many Requests: Request was rejected because the request rate or concurrency limit was exceeded.
    shard 18 retry 2/3 (tileScale 4->8) after 4s: Too Many Requests: Request was rejected because the request rate or concurrency limit was exceeded.
    shard 5 retry 2/3 (tileScale 4->8) after 4s: Too Many Requests: Request was rejected because the request rate or concurrency limit was exceeded.
    shard 32 retry 2/3 (tileScale 4->8) after 4s: Too Many Requests: Request was rejected because the request rate or concurrency limit was exceeded.
    shard 0: 748 rows
    shard 20 retry 2/3 (tileScale 4->8) after 4s: Too Many Requests: Request was rejected because the request rate or concurrency limit was exceeded.
    shard 22 retry 2/3 (tileScale 4->8) after 4s: Too Many Requests: Request was rejected because the request rate or concurrency limit was exceeded.
    shard 3 retry 2/3 (tileScale 4->8) after 4s: Too Many Requests: Request was rejected because the request rate or concurrency limit was exceeded.
    shard 10 retry 2/3 (tileScale 4->8) after 4s: Too Many Requests: Request was rejected because the request rate or concurrency limit was exceeded.
    shard 34 retry 2/3 (tileScale 4->8) after 4s: Too Many Requests: Request was rejected because the request rate or concurrency limit was exceeded.
    shard 27 retry 2/3 (tileScale 4->8) after 4s: Too Many Requests: Request was rejected because the request rate or concurrency limit was exceeded.
    shard 9 retry 2/3 (tileScale 4->8) after 4s: Too Many Requests: Request was rejected because the request rate or concurrency limit was exceeded.
    shard 7 retry 2/3 (tileScale 4->8) after 4s: Too Many Requests: Request was rejected because the request rate or concurrency limit was exceeded.
    shard 26 retry 2/3 (tileScale 4->8) after 4s: Too Many Requests: Request was rejected because the request rate or concurrency limit was exceeded.
    shard 21 retry 3/3 (tileScale 8->16) after 8s: Too Many Requests: Request was rejected because the request rate or concurrency limit was exceeded.
    shard 28 retry 3/3 (tileScale 8->16) after 8s: Too Many Requests: Request was rejected because the request rate or concurrency limit was exceeded.
    shard 12 retry 2/3 (tileScale 4->8) after 4s: Too Many Requests: Request was rejected because the request rate or concurrency limit was exceeded.
    shard 14 retry 2/3 (tileScale 4->8) after 4s: Too Many Requests: Request was rejected because the request rate or concurrency limit was exceeded.
    shard 38 retry 2/3 (tileScale 4->8) after 4s: Too Many Requests: Request was rejected because the request rate or concurrency limit was exceeded.
    shard 31 retry 2/3 (tileScale 4->8) after 4s: Too Many Requests: Request was rejected because the request rate or concurrency limit was exceeded.
    shard 8 retry 2/3 (tileScale 4->8) after 4s: Too Many Requests: Request was rejected because the request rate or concurrency limit was exceeded.
    shard 13 retry 2/3 (tileScale 4->8) after 4s: Too Many Requests: Request was rejected because the request rate or concurrency limit was exceeded.
    shard 6 retry 2/3 (tileScale 4->8) after 4s: Too Many Requests: Request was rejected because the request rate or concurrency limit was exceeded.
    shard 24 retry 2/3 (tileScale 4->8) after 4s: Too Many Requests: Request was rejected because the request rate or concurrency limit was exceeded.
    shard 4 retry 2/3 (tileScale 4->8) after 4s: Too Many Requests: Request was rejected because the request rate or concurrency limit was exceeded.
    shard 35 retry 2/3 (tileScale 4->8) after 4s: Too Many Requests: Request was rejected because the request rate or concurrency limit was exceeded.
    shard 39 retry 2/3 (tileScale 4->8) after 4s: Too Many Requests: Request was rejected because the request rate or concurrency limit was exceeded.
    shard 40 retry 1/3 (tileScale 2->4) after 2s: Too Many Requests: Request was rejected because the request rate or concurrency limit was exceeded.
    shard 37 retry 2/3 (tileScale 4->8) after 4s: Too Many Requests: Request was rejected because the request rate or concurrency limit was exceeded.
    shard 17 retry 3/3 (tileScale 8->16) after 8s: Too Many Requests: Request was rejected because the request rate or concurrency limit was exceeded.
    shard 29 retry 3/3 (tileScale 8->16) after 8s: Too Many Requests: Request was rejected because the request rate or concurrency limit was exceeded.
    shard 2 retry 2/3 (tileScale 4->8) after 4s: Too Many Requests: Request was rejected because the request rate or concurrency limit was exceeded.
    shard 30 retry 2/3 (tileScale 4->8) after 4s: Too Many Requests: Request was rejected because the request rate or concurrency limit was exceeded.
    shard 10 retry 3/3 (tileScale 8->16) after 8s: Too Many Requests: Request was rejected because the request rate or concurrency limit was exceeded.
    shard 23 retry 3/3 (tileScale 8->16) after 8s: Too Many Requests: Request was rejected because the request rate or concurrency limit was exceeded.
    shard 1 retry 2/3 (tileScale 4->8) after 4s: Too Many Requests: Request was rejected because the request rate or concurrency limit was exceeded.
    shard 19 retry 3/3 (tileScale 8->16) after 8s: Too Many Requests: Request was rejected because the request rate or concurrency limit was exceeded.
    shard 12 retry 3/3 (tileScale 8->16) after 8s: Too Many Requests: Request was rejected because the request rate or concurrency limit was exceeded.
    shard 33 retry 3/3 (tileScale 8->16) after 8s: Too Many Requests: Request was rejected because the request rate or concurrency limit was exceeded.
    shard 27 retry 3/3 (tileScale 8->16) after 8s: Too Many Requests: Request was rejected because the request rate or concurrency limit was exceeded.
    shard 34 retry 3/3 (tileScale 8->16) after 8s: Too Many Requests: Request was rejected because the request rate or concurrency limit was exceeded.
    shard 25 retry 3/3 (tileScale 8->16) after 8s: Too Many Requests: Request was rejected because the request rate or concurrency limit was exceeded.
    shard 14 retry 3/3 (tileScale 8->16) after 8s: Too Many Requests: Request was rejected because the request rate or concurrency limit was exceeded.
    shard 36 retry 3/3 (tileScale 8->16) after 8s: Too Many Requests: Request was rejected because the request rate or concurrency limit was exceeded.
  [ERROR] shard 28: Too Many Requests: Request was rejected because the request rate or concurrency limit was exceeded.
    shard 13 retry 3/3 (tileScale 8->16) after 8s: Too Many Requests: Request was rejected because the request rate or concurrency limit was exceeded.
    shard 32 retry 3/3 (tileScale 8->16) after 8s: Too Many Requests: Request was rejected because the request rate or concurrency limit was exceeded.
    shard 9 retry 3/3 (tileScale 8->16) after 8s: Too Many Requests: Request was rejected because the request rate or concurrency limit was exceeded.
    shard 5 retry 3/3 (tileScale 8->16) after 8s: Too Many Requests: Request was rejected because the request rate or concurrency limit was exceeded.
    shard 35 retry 3/3 (tileScale 8->16) after 8s: Too Many Requests: Request was rejected because the request rate or concurrency limit was exceeded.
    shard 3 retry 3/3 (tileScale 8->16) after 8s: Too Many Requests: Request was rejected because the request rate or concurrency limit was exceeded.
    shard 20 retry 3/3 (tileScale 8->16) after 8s: Too Many Requests: Request was rejected because the request rate or concurrency limit was exceeded.
    shard 18 retry 3/3 (tileScale 8->16) after 8s: Too Many Requests: Request was rejected because the request rate or concurrency limit was exceeded.
    shard 26 retry 3/3 (tileScale 8->16) after 8s: Too Many Requests: Request was rejected because the request rate or concurrency limit was exceeded.
    shard 41 retry 1/3 (tileScale 2->4) after 2s: Too Many Requests: Request was rejected because the request rate or concurrency limit was exceeded.
    shard 31 retry 3/3 (tileScale 8->16) after 8s: Too Many Requests: Request was rejected because the request rate or concurrency limit was exceeded.
    shard 11: 764 rows
    shard 37 retry 3/3 (tileScale 8->16) after 8s: Too Many Requests: Request was rejected because the request rate or concurrency limit was exceeded.
    shard 38 retry 3/3 (tileScale 8->16) after 8s: Too Many Requests: Request was rejected because the request rate or concurrency limit was exceeded.
    shard 4 retry 3/3 (tileScale 8->16) after 8s: Too Many Requests: Request was rejected because the request rate or concurrency limit was exceeded.
    shard 16: 751 rows
    shard 22 retry 3/3 (tileScale 8->16) after 8s: Too Many Requests: Request was rejected because the request rate or concurrency limit was exceeded.
    shard 8 retry 3/3 (tileScale 8->16) after 8s: Too Many Requests: Request was rejected because the request rate or concurrency limit was exceeded.
    shard 6 retry 3/3 (tileScale 8->16) after 8s: Too Many Requests: Request was rejected because the request rate or concurrency limit was exceeded.
    shard 7 retry 3/3 (tileScale 8->16) after 8s: Too Many Requests: Request was rejected because the request rate or concurrency limit was exceeded.
    shard 24 retry 3/3 (tileScale 8->16) after 8s: Too Many Requests: Request was rejected because the request rate or concurrency limit was exceeded.
  [ERROR] shard 21: Too Many Requests: Request was rejected because the request rate or concurrency limit was exceeded.
  [ERROR] shard 13: Too Many Requests: Request was rejected because the request rate or concurrency limit was exceeded.
  [ERROR] shard 36: Too Many Requests: Request was rejected because the request rate or concurrency limit was exceeded.
  [ERROR] shard 12: Too Many Requests: Request was rejected because the request rate or concurrency limit was exceeded.
  [ERROR] shard 25: Too Many Requests: Request was rejected because the request rate or concurrency limit was exceeded.
  [ERROR] shard 23: Too Many Requests: Request was rejected because the request rate or concurrency limit was exceeded.
  [ERROR] shard 19: Too Many Requests: Request was rejected because the request rate or concurrency limit was exceeded.
  [ERROR] shard 14: Too Many Requests: Request was rejected because the request rate or concurrency limit was exceeded.
    shard 2 retry 3/3 (tileScale 8->16) after 8s: Too Many Requests: Request was rejected because the request rate or concurrency limit was exceeded.
    shard 30 retry 3/3 (tileScale 8->16) after 8s: Too Many Requests: Request was rejected because the request rate or concurrency limit was exceeded.
  [ERROR] shard 32: Too Many Requests: Request was rejected because the request rate or concurrency limit was exceeded.
  [ERROR] shard 27: Too Many Requests: Request was rejected because the request rate or concurrency limit was exceeded.
  [ERROR] shard 29: Too Many Requests: Request was rejected because the request rate or concurrency limit was exceeded.
  [ERROR] shard 17: Too Many Requests: Request was rejected because the request rate or concurrency limit was exceeded.
    shard 40 retry 2/3 (tileScale 4->8) after 4s: Too Many Requests: Request was rejected because the request rate or concurrency limit was exceeded.
  [ERROR] shard 10: Too Many Requests: Request was rejected because the request rate or concurrency limit was exceeded.
  [ERROR] shard 5: Too Many Requests: Request was rejected because the request rate or concurrency limit was exceeded.
  [ERROR] shard 33: Too Many Requests: Request was rejected because the request rate or concurrency limit was exceeded.
  [ERROR] shard 3: Too Many Requests: Request was rejected because the request rate or concurrency limit was exceeded.
    shard 42 retry 1/3 (tileScale 2->4) after 2s: Too Many Requests: Request was rejected because the request rate or concurrency limit was exceeded.
    shard 41 retry 2/3 (tileScale 4->8) after 4s: Too Many Requests: Request was rejected because the request rate or concurrency limit was exceeded.
  [ERROR] shard 18: Too Many Requests: Request was rejected because the request rate or concurrency limit was exceeded.
    shard 39 retry 3/3 (tileScale 8->16) after 8s: Too Many Requests: Request was rejected because the request rate or concurrency limit was exceeded.
  [ERROR] shard 35: Too Many Requests: Request was rejected because the request rate or concurrency limit was exceeded.
  [ERROR] shard 34: Too Many Requests: Request was rejected because the request rate or concurrency limit was exceeded.
  [ERROR] shard 20: Too Many Requests: Request was rejected because the request rate or concurrency limit was exceeded.
    shard 1 retry 3/3 (tileScale 8->16) after 8s: Too Many Requests: Request was rejected because the request rate or concurrency limit was exceeded.
  [ERROR] shard 22: Too Many Requests: Request was rejected because the request rate or concurrency limit was exceeded.
    shard 44 retry 1/3 (tileScale 2->4) after 2s: Too Many Requests: Request was rejected because the request rate or concurrency limit was exceeded.
  [ERROR] shard 7: Too Many Requests: Request was rejected because the request rate or concurrency limit was exceeded.
    shard 47 retry 1/3 (tileScale 2->4) after 2s: Too Many Requests: Request was rejected because the request rate or concurrency limit was exceeded.
    shard 50 retry 1/3 (tileScale 2->4) after 2s: Too Many Requests: Request was rejected because the request rate or concurrency limit was exceeded.
    shard 52 retry 1/3 (tileScale 2->4) after 2s: Too Many Requests: Request was rejected because the request rate or concurrency limit was exceeded.
  [ERROR] shard 4: Too Many Requests: Request was rejected because the request rate or concurrency limit was exceeded.
  [ERROR] shard 37: Too Many Requests: Request was rejected because the request rate or concurrency limit was exceeded.
  [ERROR] shard 31: Too Many Requests: Request was rejected because the request rate or concurrency limit was exceeded.
    shard 64 retry 1/3 (tileScale 2->4) after 2s: Too Many Requests: Request was rejected because the request rate or concurrency limit was exceeded.
  [ERROR] shard 38: Too Many Requests: Request was rejected because the request rate or concurrency limit was exceeded.
  [ERROR] shard 8: Too Many Requests: Request was rejected because the request rate or concurrency limit was exceeded.
    shard 45 retry 1/3 (tileScale 2->4) after 2s: Too Many Requests: Request was rejected because the request rate or concurrency limit was exceeded.
  [ERROR] shard 6: Too Many Requests: Request was rejected because the request rate or concurrency limit was exceeded.
    shard 57 retry 1/3 (tileScale 2->4) after 2s: Too Many Requests: Request was rejected because the request rate or concurrency limit was exceeded.
    shard 56 retry 1/3 (tileScale 2->4) after 2s: Too Many Requests: Request was rejected because the request rate or concurrency limit was exceeded.
    shard 58 retry 1/3 (tileScale 2->4) after 2s: Too Many Requests: Request was rejected because the request rate or concurrency limit was exceeded.
    shard 43 retry 1/3 (tileScale 2->4) after 2s: Too Many Requests: Request was rejected because the request rate or concurrency limit was exceeded.
  [ERROR] shard 24: Too Many Requests: Request was rejected because the request rate or concurrency limit was exceeded.
  [ERROR] shard 26: Too Many Requests: Request was rejected because the request rate or concurrency limit was exceeded.
    shard 51 retry 1/3 (tileScale 2->4) after 2s: Too Many Requests: Request was rejected because the request rate or concurrency limit was exceeded.
    shard 48 retry 1/3 (tileScale 2->4) after 2s: Too Many Requests: Request was rejected because the request rate or concurrency limit was exceeded.
    shard 46 retry 1/3 (tileScale 2->4) after 2s: Too Many Requests: Request was rejected because the request rate or concurrency limit was exceeded.
  [ERROR] shard 9: Too Many Requests: Request was rejected because the request rate or concurrency limit was exceeded.
    shard 49 retry 1/3 (tileScale 2->4) after 2s: Too Many Requests: Request was rejected because the request rate or concurrency limit was exceeded.
    shard 41 retry 3/3 (tileScale 8->16) after 8s: Too Many Requests: Request was rejected because the request rate or concurrency limit was exceeded.
    shard 40 retry 3/3 (tileScale 8->16) after 8s: Too Many Requests: Request was rejected because the request rate or concurrency limit was exceeded.
    shard 59 retry 1/3 (tileScale 2->4) after 2s: Too Many Requests: Request was rejected because the request rate or concurrency limit was exceeded.
    shard 58 retry 2/3 (tileScale 4->8) after 4s: Too Many Requests: Request was rejected because the request rate or concurrency limit was exceeded.
  [ERROR] shard 2: Too Many Requests: Request was rejected because the request rate or concurrency limit was exceeded.
    shard 54 retry 1/3 (tileScale 2->4) after 2s: Too Many Requests: Request was rejected because the request rate or concurrency limit was exceeded.
    shard 60 retry 1/3 (tileScale 2->4) after 2s: Too Many Requests: Request was rejected because the request rate or concurrency limit was exceeded.
    shard 53 retry 1/3 (tileScale 2->4) after 2s: Too Many Requests: Request was rejected because the request rate or concurrency limit was exceeded.
    shard 44 retry 2/3 (tileScale 4->8) after 4s: Too Many Requests: Request was rejected because the request rate or concurrency limit was exceeded.
    shard 68 retry 1/3 (tileScale 2->4) after 2s: Too Many Requests: Request was rejected because the request rate or concurrency limit was exceeded.
    shard 62 retry 1/3 (tileScale 2->4) after 2s: Too Many Requests: Request was rejected because the request rate or concurrency limit was exceeded.
    shard 52 retry 2/3 (tileScale 4->8) after 4s: Too Many Requests: Request was rejected because the request rate or concurrency limit was exceeded.
    shard 51 retry 2/3 (tileScale 4->8) after 4s: Too Many Requests: Request was rejected because the request rate or concurrency limit was exceeded.
    shard 43 retry 2/3 (tileScale 4->8) after 4s: Too Many Requests: Request was rejected because the request rate or concurrency limit was exceeded.
    shard 65 retry 1/3 (tileScale 2->4) after 2s: Too Many Requests: Request was rejected because the request rate or concurrency limit was exceeded.
  [ERROR] shard 30: Too Many Requests: Request was rejected because the request rate or concurrency limit was exceeded.
    shard 42 retry 2/3 (tileScale 4->8) after 4s: Too Many Requests: Request was rejected because the request rate or concurrency limit was exceeded.
    shard 67 retry 1/3 (tileScale 2->4) after 2s: Too Many Requests: Request was rejected because the request rate or concurrency limit was exceeded.
    shard 50 retry 2/3 (tileScale 4->8) after 4s: Too Many Requests: Request was rejected because the request rate or concurrency limit was exceeded.
    shard 70 retry 1/3 (tileScale 2->4) after 2s: Too Many Requests: Request was rejected because the request rate or concurrency limit was exceeded.
  [ERROR] shard 1: Too Many Requests: Request was rejected because the request rate or concurrency limit was exceeded.
    shard 47 retry 2/3 (tileScale 4->8) after 4s: Too Many Requests: Request was rejected because the request rate or concurrency limit was exceeded.
    shard 61 retry 1/3 (tileScale 2->4) after 2s: Too Many Requests: Request was rejected because the request rate or concurrency limit was exceeded.
    shard 66 retry 1/3 (tileScale 2->4) after 2s: Too Many Requests: Request was rejected because the request rate or concurrency limit was exceeded.
    shard 56 retry 2/3 (tileScale 4->8) after 4s: Too Many Requests: Request was rejected because the request rate or concurrency limit was exceeded.
    shard 63 retry 1/3 (tileScale 2->4) after 2s: Too Many Requests: Request was rejected because the request rate or concurrency limit was exceeded.
  [ERROR] shard 39: Too Many Requests: Request was rejected because the request rate or concurrency limit was exceeded.
    shard 57 retry 2/3 (tileScale 4->8) after 4s: Too Many Requests: Request was rejected because the request rate or concurrency limit was exceeded.
    shard 75 retry 1/3 (tileScale 2->4) after 2s: Too Many Requests: Request was rejected because the request rate or concurrency limit was exceeded.
    shard 55 retry 1/3 (tileScale 2->4) after 2s: Too Many Requests: Request was rejected because the request rate or concurrency limit was exceeded.
    shard 49 retry 2/3 (tileScale 4->8) after 4s: Too Many Requests: Request was rejected because the request rate or concurrency limit was exceeded.
    shard 69 retry 1/3 (tileScale 2->4) after 2s: Too Many Requests: Request was rejected because the request rate or concurrency limit was exceeded.
    shard 71 retry 1/3 (tileScale 2->4) after 2s: Too Many Requests: Request was rejected because the request rate or concurrency limit was exceeded.
    shard 53 retry 2/3 (tileScale 4->8) after 4s: Too Many Requests: Request was rejected because the request rate or concurrency limit was exceeded.
    shard 61 retry 2/3 (tileScale 4->8) after 4s: Too Many Requests: Request was rejected because the request rate or concurrency limit was exceeded.
    shard 46 retry 2/3 (tileScale 4->8) after 4s: Too Many Requests: Request was rejected because the request rate or concurrency limit was exceeded.
  [ERROR] shard 40: Too Many Requests: Request was rejected because the request rate or concurrency limit was exceeded.
    shard 45 retry 2/3 (tileScale 4->8) after 4s: Too Many Requests: Request was rejected because the request rate or concurrency limit was exceeded.
    shard 62 retry 2/3 (tileScale 4->8) after 4s: Too Many Requests: Request was rejected because the request rate or concurrency limit was exceeded.
    shard 73 retry 1/3 (tileScale 2->4) after 2s: Too Many Requests: Request was rejected because the request rate or concurrency limit was exceeded.
    shard 77 retry 1/3 (tileScale 2->4) after 2s: Too Many Requests: Request was rejected because the request rate or concurrency limit was exceeded.
    shard 54 retry 2/3 (tileScale 4->8) after 4s: Too Many Requests: Request was rejected because the request rate or concurrency limit was exceeded.
    shard 42 retry 3/3 (tileScale 8->16) after 8s: Too Many Requests: Request was rejected because the request rate or concurrency limit was exceeded.
    shard 64 retry 2/3 (tileScale 4->8) after 4s: Too Many Requests: Request was rejected because the request rate or concurrency limit was exceeded.
    shard 60 retry 2/3 (tileScale 4->8) after 4s: Too Many Requests: Request was rejected because the request rate or concurrency limit was exceeded.
    shard 72 retry 1/3 (tileScale 2->4) after 2s: Too Many Requests: Request was rejected because the request rate or concurrency limit was exceeded.
    shard 74 retry 1/3 (tileScale 2->4) after 2s: Too Many Requests: Request was rejected because the request rate or concurrency limit was exceeded.
    shard 76 retry 1/3 (tileScale 2->4) after 2s: Too Many Requests: Request was rejected because the request rate or concurrency limit was exceeded.
    shard 51 retry 3/3 (tileScale 8->16) after 8s: Too Many Requests: Request was rejected because the request rate or concurrency limit was exceeded.
    shard 71 retry 2/3 (tileScale 4->8) after 4s: Too Many Requests: Request was rejected because the request rate or concurrency limit was exceeded.
    shard 75 retry 2/3 (tileScale 4->8) after 4s: Too Many Requests: Request was rejected because the request rate or concurrency limit was exceeded.
    shard 46 retry 3/3 (tileScale 8->16) after 8s: Too Many Requests: Request was rejected because the request rate or concurrency limit was exceeded.
    shard 79 retry 1/3 (tileScale 2->4) after 2s: Too Many Requests: Request was rejected because the request rate or concurrency limit was exceeded.
    shard 50 retry 3/3 (tileScale 8->16) after 8s: Too Many Requests: Request was rejected because the request rate or concurrency limit was exceeded.
    shard 48 retry 2/3 (tileScale 4->8) after 4s: Too Many Requests: Request was rejected because the request rate or concurrency limit was exceeded.
    shard 44 retry 3/3 (tileScale 8->16) after 8s: Too Many Requests: Request was rejected because the request rate or concurrency limit was exceeded.
    shard 59 retry 2/3 (tileScale 4->8) after 4s: Too Many Requests: Request was rejected because the request rate or concurrency limit was exceeded.
    shard 52 retry 3/3 (tileScale 8->16) after 8s: Too Many Requests: Request was rejected because the request rate or concurrency limit was exceeded.
    shard 80 retry 1/3 (tileScale 2->4) after 2s: Too Many Requests: Request was rejected because the request rate or concurrency limit was exceeded.
  [ERROR] shard 41: Too Many Requests: Request was rejected because the request rate or concurrency limit was exceeded.
    shard 43 retry 3/3 (tileScale 8->16) after 8s: Too Many Requests: Request was rejected because the request rate or concurrency limit was exceeded.
    shard 65 retry 2/3 (tileScale 4->8) after 4s: Too Many Requests: Request was rejected because the request rate or concurrency limit was exceeded.
    shard 58 retry 3/3 (tileScale 8->16) after 8s: Too Many Requests: Request was rejected because the request rate or concurrency limit was exceeded.
    shard 63 retry 2/3 (tileScale 4->8) after 4s: Too Many Requests: Request was rejected because the request rate or concurrency limit was exceeded.
    shard 55 retry 2/3 (tileScale 4->8) after 4s: Too Many Requests: Request was rejected because the request rate or concurrency limit was exceeded.
    shard 72 retry 2/3 (tileScale 4->8) after 4s: Too Many Requests: Request was rejected because the request rate or concurrency limit was exceeded.
    shard 62 retry 3/3 (tileScale 8->16) after 8s: Too Many Requests: Request was rejected because the request rate or concurrency limit was exceeded.
    shard 70 retry 2/3 (tileScale 4->8) after 4s: Too Many Requests: Request was rejected because the request rate or concurrency limit was exceeded.
    shard 73 retry 2/3 (tileScale 4->8) after 4s: Too Many Requests: Request was rejected because the request rate or concurrency limit was exceeded.
    shard 67 retry 2/3 (tileScale 4->8) after 4s: Too Many Requests: Request was rejected because the request rate or concurrency limit was exceeded.
    shard 78 retry 1/3 (tileScale 2->4) after 2s: Too Many Requests: Request was rejected because the request rate or concurrency limit was exceeded.
    shard 80 retry 2/3 (tileScale 4->8) after 4s: Too Many Requests: Request was rejected because the request rate or concurrency limit was exceeded.
    shard 60 retry 3/3 (tileScale 8->16) after 8s: Too Many Requests: Request was rejected because the request rate or concurrency limit was exceeded.
    shard 47 retry 3/3 (tileScale 8->16) after 8s: Too Many Requests: Request was rejected because the request rate or concurrency limit was exceeded.
    shard 77 retry 2/3 (tileScale 4->8) after 4s: Too Many Requests: Request was rejected because the request rate or concurrency limit was exceeded.
    shard 68 retry 2/3 (tileScale 4->8) after 4s: Too Many Requests: Request was rejected because the request rate or concurrency limit was exceeded.
    shard 53 retry 3/3 (tileScale 8->16) after 8s: Too Many Requests: Request was rejected because the request rate or concurrency limit was exceeded.
    shard 66 retry 2/3 (tileScale 4->8) after 4s: Too Many Requests: Request was rejected because the request rate or concurrency limit was exceeded.
    shard 54 retry 3/3 (tileScale 8->16) after 8s: Too Many Requests: Request was rejected because the request rate or concurrency limit was exceeded.
    shard 49 retry 3/3 (tileScale 8->16) after 8s: Too Many Requests: Request was rejected because the request rate or concurrency limit was exceeded.
    shard 71 retry 3/3 (tileScale 8->16) after 8s: Too Many Requests: Request was rejected because the request rate or concurrency limit was exceeded.
    shard 61 retry 3/3 (tileScale 8->16) after 8s: Too Many Requests: Request was rejected because the request rate or concurrency limit was exceeded.
    shard 75 retry 3/3 (tileScale 8->16) after 8s: Too Many Requests: Request was rejected because the request rate or concurrency limit was exceeded.
    shard 69 retry 2/3 (tileScale 4->8) after 4s: Too Many Requests: Request was rejected because the request rate or concurrency limit was exceeded.
    shard 67 retry 3/3 (tileScale 8->16) after 8s: Too Many Requests: Request was rejected because the request rate or concurrency limit was exceeded.
    shard 56 retry 3/3 (tileScale 8->16) after 8s: Too Many Requests: Request was rejected because the request rate or concurrency limit was exceeded.
    shard 57 retry 3/3 (tileScale 8->16) after 8s: Too Many Requests: Request was rejected because the request rate or concurrency limit was exceeded.
    shard 64 retry 3/3 (tileScale 8->16) after 8s: Too Many Requests: Request was rejected because the request rate or concurrency limit was exceeded.
    shard 59 retry 3/3 (tileScale 8->16) after 8s: Too Many Requests: Request was rejected because the request rate or concurrency limit was exceeded.
    shard 63 retry 3/3 (tileScale 8->16) after 8s: Too Many Requests: Request was rejected because the request rate or concurrency limit was exceeded.
    shard 55 retry 3/3 (tileScale 8->16) after 8s: Too Many Requests: Request was rejected because the request rate or concurrency limit was exceeded.
    shard 78 retry 2/3 (tileScale 4->8) after 4s: Too Many Requests: Request was rejected because the request rate or concurrency limit was exceeded.
  [ERROR] shard 43: Too Many Requests: Request was rejected because the request rate or concurrency limit was exceeded.
    shard 74 retry 2/3 (tileScale 4->8) after 4s: Too Many Requests: Request was rejected because the request rate or concurrency limit was exceeded.
    shard 45 retry 3/3 (tileScale 8->16) after 8s: Too Many Requests: Request was rejected because the request rate or concurrency limit was exceeded.
    shard 76 retry 2/3 (tileScale 4->8) after 4s: Too Many Requests: Request was rejected because the request rate or concurrency limit was exceeded.
    shard 48 retry 3/3 (tileScale 8->16) after 8s: Too Many Requests: Request was rejected because the request rate or concurrency limit was exceeded.
  [ERROR] shard 51: Too Many Requests: Request was rejected because the request rate or concurrency limit was exceeded.
  [ERROR] shard 50: Too Many Requests: Request was rejected because the request rate or concurrency limit was exceeded.
    shard 70 retry 3/3 (tileScale 8->16) after 8s: Too Many Requests: Request was rejected because the request rate or concurrency limit was exceeded.
    shard 77 retry 3/3 (tileScale 8->16) after 8s: Too Many Requests: Request was rejected because the request rate or concurrency limit was exceeded.
  [ERROR] shard 42: Too Many Requests: Request was rejected because the request rate or concurrency limit was exceeded.
  [ERROR] shard 52: Too Many Requests: Request was rejected because the request rate or concurrency limit was exceeded.
  [ERROR] shard 47: Too Many Requests: Request was rejected because the request rate or concurrency limit was exceeded.
  [ERROR] shard 46: Too Many Requests: Request was rejected because the request rate or concurrency limit was exceeded.
  [ERROR] shard 49: Too Many Requests: Request was rejected because the request rate or concurrency limit was exceeded.
    shard 65 retry 3/3 (tileScale 8->16) after 8s: Too Many Requests: Request was rejected because the request rate or concurrency limit was exceeded.
    shard 79 retry 2/3 (tileScale 4->8) after 4s: Too Many Requests: Request was rejected because the request rate or concurrency limit was exceeded.
  [ERROR] shard 44: Too Many Requests: Request was rejected because the request rate or concurrency limit was exceeded.
    shard 74 retry 3/3 (tileScale 8->16) after 8s: Too Many Requests: Request was rejected because the request rate or concurrency limit was exceeded.
    shard 85 retry 1/3 (tileScale 2->4) after 2s: Too Many Requests: Request was rejected because the request rate or concurrency limit was exceeded.
    shard 80 retry 3/3 (tileScale 8->16) after 8s: Too Many Requests: Request was rejected because the request rate or concurrency limit was exceeded.
  [ERROR] shard 58: Too Many Requests: Request was rejected because the request rate or concurrency limit was exceeded.
    shard 81 retry 1/3 (tileScale 2->4) after 2s: Too Many Requests: Request was rejected because the request rate or concurrency limit was exceeded.
    shard 73 retry 3/3 (tileScale 8->16) after 8s: Too Many Requests: Request was rejected because the request rate or concurrency limit was exceeded.
    shard 72 retry 3/3 (tileScale 8->16) after 8s: Too Many Requests: Request was rejected because the request rate or concurrency limit was exceeded.
  [ERROR] shard 71: Too Many Requests: Request was rejected because the request rate or concurrency limit was exceeded.
  [ERROR] shard 67: Too Many Requests: Request was rejected because the request rate or concurrency limit was exceeded.
    shard 78 retry 3/3 (tileScale 8->16) after 8s: Too Many Requests: Request was rejected because the request rate or concurrency limit was exceeded.
  [ERROR] shard 60: Too Many Requests: Request was rejected because the request rate or concurrency limit was exceeded.
    shard 68 retry 3/3 (tileScale 8->16) after 8s: Too Many Requests: Request was rejected because the request rate or concurrency limit was exceeded.
    shard 86 retry 1/3 (tileScale 2->4) after 2s: Too Many Requests: Request was rejected because the request rate or concurrency limit was exceeded.
    shard 84 retry 1/3 (tileScale 2->4) after 2s: Too Many Requests: Request was rejected because the request rate or concurrency limit was exceeded.
  [ERROR] shard 53: Too Many Requests: Request was rejected because the request rate or concurrency limit was exceeded.
  [ERROR] shard 64: Too Many Requests: Request was rejected because the request rate or concurrency limit was exceeded.
    shard 69 retry 3/3 (tileScale 8->16) after 8s: Too Many Requests: Request was rejected because the request rate or concurrency limit was exceeded.
  [ERROR] shard 57: Too Many Requests: Request was rejected because the request rate or concurrency limit was exceeded.
  [ERROR] shard 54: Too Many Requests: Request was rejected because the request rate or concurrency limit was exceeded.
  [ERROR] shard 59: Too Many Requests: Request was rejected because the request rate or concurrency limit was exceeded.
  [ERROR] shard 56: Too Many Requests: Request was rejected because the request rate or concurrency limit was exceeded.
  [ERROR] shard 65: Too Many Requests: Request was rejected because the request rate or concurrency limit was exceeded.
  [ERROR] shard 62: Too Many Requests: Request was rejected because the request rate or concurrency limit was exceeded.
  [ERROR] shard 45: Too Many Requests: Request was rejected because the request rate or concurrency limit was exceeded.
    shard 66 retry 3/3 (tileScale 8->16) after 8s: Too Many Requests: Request was rejected because the request rate or concurrency limit was exceeded.
    shard 82 retry 1/3 (tileScale 2->4) after 2s: Too Many Requests: Request was rejected because the request rate or concurrency limit was exceeded.
  [ERROR] shard 63: Too Many Requests: Request was rejected because the request rate or concurrency limit was exceeded.
    shard 83 retry 1/3 (tileScale 2->4) after 2s: Too Many Requests: Request was rejected because the request rate or concurrency limit was exceeded.
    shard 87 retry 1/3 (tileScale 2->4) after 2s: Too Many Requests: Request was rejected because the request rate or concurrency limit was exceeded.
    shard 90 retry 1/3 (tileScale 2->4) after 2s: Too Many Requests: Request was rejected because the request rate or concurrency limit was exceeded.
  [ERROR] shard 77: Too Many Requests: Request was rejected because the request rate or concurrency limit was exceeded.
  [ERROR] shard 75: Too Many Requests: Request was rejected because the request rate or concurrency limit was exceeded.
  [ERROR] shard 55: Too Many Requests: Request was rejected because the request rate or concurrency limit was exceeded.
    shard 89 retry 1/3 (tileScale 2->4) after 2s: Too Many Requests: Request was rejected because the request rate or concurrency limit was exceeded.
    shard 79 retry 3/3 (tileScale 8->16) after 8s: Too Many Requests: Request was rejected because the request rate or concurrency limit was exceeded.
    shard 76 retry 3/3 (tileScale 8->16) after 8s: Too Many Requests: Request was rejected because the request rate or concurrency limit was exceeded.
    shard 82 retry 2/3 (tileScale 4->8) after 4s: Too Many Requests: Request was rejected because the request rate or concurrency limit was exceeded.
  [ERROR] shard 48: Too Many Requests: Request was rejected because the request rate or concurrency limit was exceeded.
  [ERROR] shard 70: Too Many Requests: Request was rejected because the request rate or concurrency limit was exceeded.
    shard 98 retry 1/3 (tileScale 2->4) after 2s: Too Many Requests: Request was rejected because the request rate or concurrency limit was exceeded.
  [ERROR] shard 80: Too Many Requests: Request was rejected because the request rate or concurrency limit was exceeded.
    shard 81 retry 2/3 (tileScale 4->8) after 4s: Too Many Requests: Request was rejected because the request rate or concurrency limit was exceeded.
    shard 101 retry 1/3 (tileScale 2->4) after 2s: Too Many Requests: Request was rejected because the request rate or concurrency limit was exceeded.
    shard 91 retry 1/3 (tileScale 2->4) after 2s: Too Many Requests: Request was rejected because the request rate or concurrency limit was exceeded.
  [ERROR] shard 61: Too Many Requests: Request was rejected because the request rate or concurrency limit was exceeded.
    shard 88 retry 1/3 (tileScale 2->4) after 2s: Too Many Requests: Request was rejected because the request rate or concurrency limit was exceeded.
    shard 103 retry 1/3 (tileScale 2->4) after 2s: Too Many Requests: Request was rejected because the request rate or concurrency limit was exceeded.
    shard 105 retry 1/3 (tileScale 2->4) after 2s: Too Many Requests: Request was rejected because the request rate or concurrency limit was exceeded.
  [ERROR] shard 74: Too Many Requests: Request was rejected because the request rate or concurrency limit was exceeded.
    shard 104 retry 1/3 (tileScale 2->4) after 2s: Too Many Requests: Request was rejected because the request rate or concurrency limit was exceeded.
  [ERROR] shard 73: Too Many Requests: Request was rejected because the request rate or concurrency limit was exceeded.
    shard 92 retry 1/3 (tileScale 2->4) after 2s: Too Many Requests: Request was rejected because the request rate or concurrency limit was exceeded.
    shard 97 retry 1/3 (tileScale 2->4) after 2s: Too Many Requests: Request was rejected because the request rate or concurrency limit was exceeded.
    shard 85 retry 2/3 (tileScale 4->8) after 4s: Too Many Requests: Request was rejected because the request rate or concurrency limit was exceeded.
    shard 101 retry 2/3 (tileScale 4->8) after 4s: Too Many Requests: Request was rejected because the request rate or concurrency limit was exceeded.
    shard 83 retry 2/3 (tileScale 4->8) after 4s: Too Many Requests: Request was rejected because the request rate or concurrency limit was exceeded.
    shard 93 retry 1/3 (tileScale 2->4) after 2s: Too Many Requests: Request was rejected because the request rate or concurrency limit was exceeded.
    shard 94 retry 1/3 (tileScale 2->4) after 2s: Too Many Requests: Request was rejected because the request rate or concurrency limit was exceeded.
  [ERROR] shard 69: Too Many Requests: Request was rejected because the request rate or concurrency limit was exceeded.
    shard 96 retry 1/3 (tileScale 2->4) after 2s: Too Many Requests: Request was rejected because the request rate or concurrency limit was exceeded.
    shard 84 retry 2/3 (tileScale 4->8) after 4s: Too Many Requests: Request was rejected because the request rate or concurrency limit was exceeded.
    shard 86 retry 2/3 (tileScale 4->8) after 4s: Too Many Requests: Request was rejected because the request rate or concurrency limit was exceeded.
  [ERROR] shard 78: Too Many Requests: Request was rejected because the request rate or concurrency limit was exceeded.
    shard 102 retry 1/3 (tileScale 2->4) after 2s: Too Many Requests: Request was rejected because the request rate or concurrency limit was exceeded.
  [ERROR] shard 72: Too Many Requests: Request was rejected because the request rate or concurrency limit was exceeded.
  [ERROR] shard 66: Too Many Requests: Request was rejected because the request rate or concurrency limit was exceeded.
    shard 99 retry 1/3 (tileScale 2->4) after 2s: Too Many Requests: Request was rejected because the request rate or concurrency limit was exceeded.
    shard 95 retry 1/3 (tileScale 2->4) after 2s: Too Many Requests: Request was rejected because the request rate or concurrency limit was exceeded.
    shard 89 retry 2/3 (tileScale 4->8) after 4s: Too Many Requests: Request was rejected because the request rate or concurrency limit was exceeded.
    shard 111 retry 1/3 (tileScale 2->4) after 2s: Too Many Requests: Request was rejected because the request rate or concurrency limit was exceeded.
    shard 105 retry 2/3 (tileScale 4->8) after 4s: Too Many Requests: Request was rejected because the request rate or concurrency limit was exceeded.
    shard 106 retry 1/3 (tileScale 2->4) after 2s: Too Many Requests: Request was rejected because the request rate or concurrency limit was exceeded.
    shard 107 retry 1/3 (tileScale 2->4) after 2s: Too Many Requests: Request was rejected because the request rate or concurrency limit was exceeded.
    shard 91 retry 2/3 (tileScale 4->8) after 4s: Too Many Requests: Request was rejected because the request rate or concurrency limit was exceeded.
    shard 90 retry 2/3 (tileScale 4->8) after 4s: Too Many Requests: Request was rejected because the request rate or concurrency limit was exceeded.
  [ERROR] shard 68: Too Many Requests: Request was rejected because the request rate or concurrency limit was exceeded.
  [ERROR] shard 76: Too Many Requests: Request was rejected because the request rate or concurrency limit was exceeded.
  [ERROR] shard 79: Too Many Requests: Request was rejected because the request rate or concurrency limit was exceeded.
    shard 108 retry 1/3 (tileScale 2->4) after 2s: Too Many Requests: Request was rejected because the request rate or concurrency limit was exceeded.
    shard 104 retry 2/3 (tileScale 4->8) after 4s: Too Many Requests: Request was rejected because the request rate or concurrency limit was exceeded.
    shard 112 retry 1/3 (tileScale 2->4) after 2s: Too Many Requests: Request was rejected because the request rate or concurrency limit was exceeded.
    shard 100 retry 1/3 (tileScale 2->4) after 2s: Too Many Requests: Request was rejected because the request rate or concurrency limit was exceeded.
    shard 93 retry 2/3 (tileScale 4->8) after 4s: Too Many Requests: Request was rejected because the request rate or concurrency limit was exceeded.
    shard 82 retry 3/3 (tileScale 8->16) after 8s: Too Many Requests: Request was rejected because the request rate or concurrency limit was exceeded.
    shard 110 retry 1/3 (tileScale 2->4) after 2s: Too Many Requests: Request was rejected because the request rate or concurrency limit was exceeded.
    shard 87 retry 2/3 (tileScale 4->8) after 4s: Too Many Requests: Request was rejected because the request rate or concurrency limit was exceeded.
    shard 84 retry 3/3 (tileScale 8->16) after 8s: Too Many Requests: Request was rejected because the request rate or concurrency limit was exceeded.
    shard 81 retry 3/3 (tileScale 8->16) after 8s: Too Many Requests: Request was rejected because the request rate or concurrency limit was exceeded.
    shard 94 retry 2/3 (tileScale 4->8) after 4s: Too Many Requests: Request was rejected because the request rate or concurrency limit was exceeded.
    shard 117 retry 1/3 (tileScale 2->4) after 2s: Too Many Requests: Request was rejected because the request rate or concurrency limit was exceeded.
    shard 106 retry 2/3 (tileScale 4->8) after 4s: Too Many Requests: Request was rejected because the request rate or concurrency limit was exceeded.
    shard 92 retry 2/3 (tileScale 4->8) after 4s: Too Many Requests: Request was rejected because the request rate or concurrency limit was exceeded.
    shard 83 retry 3/3 (tileScale 8->16) after 8s: Too Many Requests: Request was rejected because the request rate or concurrency limit was exceeded.
    shard 109 retry 1/3 (tileScale 2->4) after 2s: Too Many Requests: Request was rejected because the request rate or concurrency limit was exceeded.
    shard 88 retry 2/3 (tileScale 4->8) after 4s: Too Many Requests: Request was rejected because the request rate or concurrency limit was exceeded.
    shard 90 retry 3/3 (tileScale 8->16) after 8s: Too Many Requests: Request was rejected because the request rate or concurrency limit was exceeded.
    shard 119 retry 1/3 (tileScale 2->4) after 2s: Too Many Requests: Request was rejected because the request rate or concurrency limit was exceeded.
    shard 93 retry 3/3 (tileScale 8->16) after 8s: Too Many Requests: Request was rejected because the request rate or concurrency limit was exceeded.
    shard 115 retry 1/3 (tileScale 2->4) after 2s: Too Many Requests: Request was rejected because the request rate or concurrency limit was exceeded.
    shard 113 retry 1/3 (tileScale 2->4) after 2s: Too Many Requests: Request was rejected because the request rate or concurrency limit was exceeded.
    shard 98 retry 2/3 (tileScale 4->8) after 4s: Too Many Requests: Request was rejected because the request rate or concurrency limit was exceeded.
    shard 96 retry 2/3 (tileScale 4->8) after 4s: Too Many Requests: Request was rejected because the request rate or concurrency limit was exceeded.
    shard 87 retry 3/3 (tileScale 8->16) after 8s: Too Many Requests: Request was rejected because the request rate or concurrency limit was exceeded.
    shard 104 retry 3/3 (tileScale 8->16) after 8s: Too Many Requests: Request was rejected because the request rate or concurrency limit was exceeded.
    shard 95 retry 2/3 (tileScale 4->8) after 4s: Too Many Requests: Request was rejected because the request rate or concurrency limit was exceeded.
  [ERROR] shard 82: Too Many Requests: Request was rejected because the request rate or concurrency limit was exceeded.
    shard 89 retry 3/3 (tileScale 8->16) after 8s: Too Many Requests: Request was rejected because the request rate or concurrency limit was exceeded.
    shard 102 retry 2/3 (tileScale 4->8) after 4s: Too Many Requests: Request was rejected because the request rate or concurrency limit was exceeded.
    shard 103 retry 2/3 (tileScale 4->8) after 4s: Too Many Requests: Request was rejected because the request rate or concurrency limit was exceeded.
    shard 118 retry 1/3 (tileScale 2->4) after 2s: Too Many Requests: Request was rejected because the request rate or concurrency limit was exceeded.
    shard 97 retry 2/3 (tileScale 4->8) after 4s: Too Many Requests: Request was rejected because the request rate or concurrency limit was exceeded.
    shard 111 retry 2/3 (tileScale 4->8) after 4s: Too Many Requests: Request was rejected because the request rate or concurrency limit was exceeded.
    shard 85 retry 3/3 (tileScale 8->16) after 8s: Too Many Requests: Request was rejected because the request rate or concurrency limit was exceeded.
    shard 91 retry 3/3 (tileScale 8->16) after 8s: Too Many Requests: Request was rejected because the request rate or concurrency limit was exceeded.
    shard 100 retry 2/3 (tileScale 4->8) after 4s: Too Many Requests: Request was rejected because the request rate or concurrency limit was exceeded.
    shard 99 retry 2/3 (tileScale 4->8) after 4s: Too Many Requests: Request was rejected because the request rate or concurrency limit was exceeded.
    shard 105 retry 3/3 (tileScale 8->16) after 8s: Too Many Requests: Request was rejected because the request rate or concurrency limit was exceeded.
    shard 94 retry 3/3 (tileScale 8->16) after 8s: Too Many Requests: Request was rejected because the request rate or concurrency limit was exceeded.
    shard 119 retry 2/3 (tileScale 4->8) after 4s: Too Many Requests: Request was rejected because the request rate or concurrency limit was exceeded.
    shard 114 retry 1/3 (tileScale 2->4) after 2s: Too Many Requests: Request was rejected because the request rate or concurrency limit was exceeded.
    shard 86 retry 3/3 (tileScale 8->16) after 8s: Too Many Requests: Request was rejected because the request rate or concurrency limit was exceeded.
    shard 101 retry 3/3 (tileScale 8->16) after 8s: Too Many Requests: Request was rejected because the request rate or concurrency limit was exceeded.
    shard 116 retry 1/3 (tileScale 2->4) after 2s: Too Many Requests: Request was rejected because the request rate or concurrency limit was exceeded.
    shard 120 retry 1/3 (tileScale 2->4) after 2s: Too Many Requests: Request was rejected because the request rate or concurrency limit was exceeded.
    shard 110 retry 2/3 (tileScale 4->8) after 4s: Too Many Requests: Request was rejected because the request rate or concurrency limit was exceeded.
    shard 107 retry 2/3 (tileScale 4->8) after 4s: Too Many Requests: Request was rejected because the request rate or concurrency limit was exceeded.
  [ERROR] shard 81: Too Many Requests: Request was rejected because the request rate or concurrency limit was exceeded.
    shard 117 retry 2/3 (tileScale 4->8) after 4s: Too Many Requests: Request was rejected because the request rate or concurrency limit was exceeded.
    shard 108 retry 2/3 (tileScale 4->8) after 4s: Too Many Requests: Request was rejected because the request rate or concurrency limit was exceeded.
    shard 96 retry 3/3 (tileScale 8->16) after 8s: Too Many Requests: Request was rejected because the request rate or concurrency limit was exceeded.
    shard 112 retry 2/3 (tileScale 4->8) after 4s: Too Many Requests: Request was rejected because the request rate or concurrency limit was exceeded.
    shard 109 retry 2/3 (tileScale 4->8) after 4s: Too Many Requests: Request was rejected because the request rate or concurrency limit was exceeded.
  [ERROR] shard 84: Too Many Requests: Request was rejected because the request rate or concurrency limit was exceeded.
  [ERROR] shard 104: Too Many Requests: Request was rejected because the request rate or concurrency limit was exceeded.
  [ERROR] shard 87: Too Many Requests: Request was rejected because the request rate or concurrency limit was exceeded.
    shard 121 retry 1/3 (tileScale 2->4) after 2s: Too Many Requests: Request was rejected because the request rate or concurrency limit was exceeded.
    shard 88 retry 3/3 (tileScale 8->16) after 8s: Too Many Requests: Request was rejected because the request rate or concurrency limit was exceeded.
  [ERROR] shard 85: Too Many Requests: Request was rejected because the request rate or concurrency limit was exceeded.
  [ERROR] shard 90: Too Many Requests: Request was rejected because the request rate or concurrency limit was exceeded.
  [ERROR] shard 86: Too Many Requests: Request was rejected because the request rate or concurrency limit was exceeded.
    shard 92 retry 3/3 (tileScale 8->16) after 8s: Too Many Requests: Request was rejected because the request rate or concurrency limit was exceeded.
    shard 100 retry 3/3 (tileScale 8->16) after 8s: Too Many Requests: Request was rejected because the request rate or concurrency limit was exceeded.
    shard 98 retry 3/3 (tileScale 8->16) after 8s: Too Many Requests: Request was rejected because the request rate or concurrency limit was exceeded.
  [ERROR] shard 83: Too Many Requests: Request was rejected because the request rate or concurrency limit was exceeded.
    shard 95 retry 3/3 (tileScale 8->16) after 8s: Too Many Requests: Request was rejected because the request rate or concurrency limit was exceeded.
    shard 118 retry 2/3 (tileScale 4->8) after 4s: Too Many Requests: Request was rejected because the request rate or concurrency limit was exceeded.
    shard 123 retry 1/3 (tileScale 2->4) after 2s: Too Many Requests: Request was rejected because the request rate or concurrency limit was exceeded.
    shard 102 retry 3/3 (tileScale 8->16) after 8s: Too Many Requests: Request was rejected because the request rate or concurrency limit was exceeded.
  [ERROR] shard 105: Too Many Requests: Request was rejected because the request rate or concurrency limit was exceeded.
    shard 116 retry 2/3 (tileScale 4->8) after 4s: Too Many Requests: Request was rejected because the request rate or concurrency limit was exceeded.
    shard 120 retry 2/3 (tileScale 4->8) after 4s: Too Many Requests: Request was rejected because the request rate or concurrency limit was exceeded.
    shard 106 retry 3/3 (tileScale 8->16) after 8s: Too Many Requests: Request was rejected because the request rate or concurrency limit was exceeded.
  [ERROR] shard 93: Too Many Requests: Request was rejected because the request rate or concurrency limit was exceeded.
    shard 122 retry 1/3 (tileScale 2->4) after 2s: Too Many Requests: Request was rejected because the request rate or concurrency limit was exceeded.
    shard 114 retry 2/3 (tileScale 4->8) after 4s: Too Many Requests: Request was rejected because the request rate or concurrency limit was exceeded.
    shard 107 retry 3/3 (tileScale 8->16) after 8s: Too Many Requests: Request was rejected because the request rate or concurrency limit was exceeded.
  [ERROR] shard 89: Too Many Requests: Request was rejected because the request rate or concurrency limit was exceeded.
    shard 115 retry 2/3 (tileScale 4->8) after 4s: Too Many Requests: Request was rejected because the request rate or concurrency limit was exceeded.
    shard 97 retry 3/3 (tileScale 8->16) after 8s: Too Many Requests: Request was rejected because the request rate or concurrency limit was exceeded.
    shard 103 retry 3/3 (tileScale 8->16) after 8s: Too Many Requests: Request was rejected because the request rate or concurrency limit was exceeded.
  [ERROR] shard 91: Too Many Requests: Request was rejected because the request rate or concurrency limit was exceeded.
  [ERROR] shard 96: Too Many Requests: Request was rejected because the request rate or concurrency limit was exceeded.
    shard 108 retry 3/3 (tileScale 8->16) after 8s: Too Many Requests: Request was rejected because the request rate or concurrency limit was exceeded.
    shard 99 retry 3/3 (tileScale 8->16) after 8s: Too Many Requests: Request was rejected because the request rate or concurrency limit was exceeded.
    shard 117 retry 3/3 (tileScale 8->16) after 8s: Too Many Requests: Request was rejected because the request rate or concurrency limit was exceeded.
    shard 113 retry 2/3 (tileScale 4->8) after 4s: Too Many Requests: Request was rejected because the request rate or concurrency limit was exceeded.
    shard 119 retry 3/3 (tileScale 8->16) after 8s: Too Many Requests: Request was rejected because the request rate or concurrency limit was exceeded.
  [ERROR] shard 98: Too Many Requests: Request was rejected because the request rate or concurrency limit was exceeded.
    shard 110 retry 3/3 (tileScale 8->16) after 8s: Too Many Requests: Request was rejected because the request rate or concurrency limit was exceeded.
  [ERROR] shard 88: Too Many Requests: Request was rejected because the request rate or concurrency limit was exceeded.
    shard 111 retry 3/3 (tileScale 8->16) after 8s: Too Many Requests: Request was rejected because the request rate or concurrency limit was exceeded.
  [ERROR] shard 92: Too Many Requests: Request was rejected because the request rate or concurrency limit was exceeded.
    shard 123 retry 2/3 (tileScale 4->8) after 4s: Too Many Requests: Request was rejected because the request rate or concurrency limit was exceeded.
  [ERROR] shard 94: Too Many Requests: Request was rejected because the request rate or concurrency limit was exceeded.
  [ERROR] shard 95: Too Many Requests: Request was rejected because the request rate or concurrency limit was exceeded.
    shard 124 retry 1/3 (tileScale 2->4) after 2s: Too Many Requests: Request was rejected because the request rate or concurrency limit was exceeded.
  [ERROR] shard 101: Too Many Requests: Request was rejected because the request rate or concurrency limit was exceeded.
  [ERROR] shard 97: Too Many Requests: Request was rejected because the request rate or concurrency limit was exceeded.
    shard 112 retry 3/3 (tileScale 8->16) after 8s: Too Many Requests: Request was rejected because the request rate or concurrency limit was exceeded.
  [ERROR] shard 100: Too Many Requests: Request was rejected because the request rate or concurrency limit was exceeded.
  [ERROR] shard 106: Too Many Requests: Request was rejected because the request rate or concurrency limit was exceeded.
    shard 114 retry 3/3 (tileScale 8->16) after 8s: Too Many Requests: Request was rejected because the request rate or concurrency limit was exceeded.
  [ERROR] shard 107: Too Many Requests: Request was rejected because the request rate or concurrency limit was exceeded.
  [ERROR] shard 117: Too Many Requests: Request was rejected because the request rate or concurrency limit was exceeded.
    shard 118 retry 3/3 (tileScale 8->16) after 8s: Too Many Requests: Request was rejected because the request rate or concurrency limit was exceeded.
    shard 120 retry 3/3 (tileScale 8->16) after 8s: Too Many Requests: Request was rejected because the request rate or concurrency limit was exceeded.
    shard 109: 688 rows
  [ERROR] shard 102: Too Many Requests: Request was rejected because the request rate or concurrency limit was exceeded.
    shard 121 retry 2/3 (tileScale 4->8) after 4s: Too Many Requests: Request was rejected because the request rate or concurrency limit was exceeded.
    shard 122 retry 2/3 (tileScale 4->8) after 4s: Too Many Requests: Request was rejected because the request rate or concurrency limit was exceeded.
  [ERROR] shard 99: Too Many Requests: Request was rejected because the request rate or concurrency limit was exceeded.
  [ERROR] shard 110: Too Many Requests: Request was rejected because the request rate or concurrency limit was exceeded.
    shard 116 retry 3/3 (tileScale 8->16) after 8s: Too Many Requests: Request was rejected because the request rate or concurrency limit was exceeded.
  [ERROR] shard 103: Too Many Requests: Request was rejected because the request rate or concurrency limit was exceeded.
  [ERROR] shard 108: Too Many Requests: Request was rejected because the request rate or concurrency limit was exceeded.
    shard 115 retry 3/3 (tileScale 8->16) after 8s: Too Many Requests: Request was rejected because the request rate or concurrency limit was exceeded.
    shard 123 retry 3/3 (tileScale 8->16) after 8s: Too Many Requests: Request was rejected because the request rate or concurrency limit was exceeded.
    shard 113 retry 3/3 (tileScale 8->16) after 8s: Too Many Requests: Request was rejected because the request rate or concurrency limit was exceeded.
  [ERROR] shard 119: Too Many Requests: Request was rejected because the request rate or concurrency limit was exceeded.
  [ERROR] shard 114: Too Many Requests: Request was rejected because the request rate or concurrency limit was exceeded.
    shard 124 retry 2/3 (tileScale 4->8) after 4s: Too Many Requests: Request was rejected because the request rate or concurrency limit was exceeded.
  [ERROR] shard 112: Too Many Requests: Request was rejected because the request rate or concurrency limit was exceeded.
  [ERROR] shard 111: Too Many Requests: Request was rejected because the request rate or concurrency limit was exceeded.
    shard 121 retry 3/3 (tileScale 8->16) after 8s: Too Many Requests: Request was rejected because the request rate or concurrency limit was exceeded.
  [ERROR] shard 116: Too Many Requests: Request was rejected because the request rate or concurrency limit was exceeded.
  [ERROR] shard 118: Too Many Requests: Request was rejected because the request rate or concurrency limit was exceeded.
  [ERROR] shard 120: Too Many Requests: Request was rejected because the request rate or concurrency limit was exceeded.
  [ERROR] shard 115: Too Many Requests: Request was rejected because the request rate or concurrency limit was exceeded.
    shard 122 retry 3/3 (tileScale 8->16) after 8s: Too Many Requests: Request was rejected because the request rate or concurrency limit was exceeded.
  [ERROR] shard 121: Too Many Requests: Request was rejected because the request rate or concurrency limit was exceeded.
  [ERROR] shard 123: Too Many Requests: Request was rejected because the request rate or concurrency limit was exceeded.
  [ERROR] shard 113: Too Many Requests: Request was rejected because the request rate or concurrency limit was exceeded.
    shard 124 retry 3/3 (tileScale 8->16) after 8s: Too Many Requests: Request was rejected because the request rate or concurrency limit was exceeded.
  [ERROR] shard 122: Too Many Requests: Request was rejected because the request rate or concurrency limit was exceeded.
  [ERROR] shard 124: Too Many Requests: Request was rejected because the request rate or concurrency limit was exceeded.

  120 shards failed after retries: [1, 2, 3, 4, 5, 6, 7, 8, 9, 10, 12, 13, 14, 17, 18, 19, 20, 21, 22, 23, 24, 25, 26, 27, 28, 29, 30, 31, 32, 33, 34, 35, 36, 37, 38, 39, 40, 41, 42, 43, 44, 45, 46, 47, 48, 49, 50, 51, 52, 53, 54, 55, 56, 57, 58, 59, 60, 61, 62, 63, 64, 65, 66, 67, 68, 69, 70, 71, 72, 73, 74, 75, 76, 77, 78, 79, 80, 81, 82, 83, 84, 85, 86, 87, 88, 89, 90, 91, 92, 93, 94, 95, 96, 97, 98, 99, 100, 101, 102, 103, 104, 105, 106, 107, 108, 110, 111, 112, 113, 114, 115, 116, 117, 118, 119, 120, 121, 122, 123, 124]
  Re-run the same command to retry only the failed shards (checkpoint: v5_candidate_refs_alphaearth.parquet.checkpoint.json)

[OK] Saved C:\Users\geethen.singh\degreeRecover\v5\data\v5_candidate_refs_alphaearth.parquet
  Rows: 3,749   Size: 0.4 MB
  Shards: 5 ok, 120 failed, 5 total processed
